/Users/aliimran/Sehar/gladia/realtime_server.py:106: DeprecationWarning: 
        on_event is deprecated, use lifespan event handlers instead.

        Read more about it in the
        [FastAPI docs for Lifespan Events](https://fastapi.tiangolo.com/advanced/events/).
        
  @app.on_event("startup")
INFO:     Started server process [18220]
INFO:     Waiting for application startup.
INFO:realtime_server:Initialising SER model on device cpu
INFO:emotion_recognition:Loading SER model 3loi/SER-Odyssey-Baseline-WavLM-Multi-Attributes on device cpu
`torch_dtype` is deprecated! Use `dtype` instead!
INFO:realtime_server:SER model ready (sampling_rate=16000)
INFO:realtime_server:Loading Gladia API key
INFO:realtime_server:Gladia API key loaded successfully
INFO:     Application startup complete.
INFO:     Uvicorn running on http://0.0.0.0:8000 (Press CTRL+C to quit)
INFO:     127.0.0.1:61733 - "WebSocket /ws/analyze" [accepted]
INFO:realtime_server:Client connected for real-time analysis
INFO:     connection open
INFO:httpx:HTTP Request: POST https://api.gladia.io/v2/live "HTTP/1.1 201 Created"
INFO:realtime_server:Created Gladia live session 5db21e40-bbf5-4036-a76e-0f475c3d5a22
INFO:realtime_server:Gladia raw message [5db21e40-bbf5-4036-a76e-0f475c3d5a22]: {"type":"start_recording","session_id":"5db21e40-bbf5-4036-a76e-0f475c3d5a22","created_at":"2025-11-09T15:37:06.472Z"}
INFO:realtime_server:Gladia raw message [5db21e40-bbf5-4036-a76e-0f475c3d5a22]: {"acknowledged":true,"type":"audio_chunk","session_id":"5db21e40-bbf5-4036-a76e-0f475c3d5a22","created_at":"2025-11-09T15:37:06.545Z","data":{"byte_range":[0,8192],"time_range":[0,256]},"error":null}
INFO:realtime_server:Gladia raw message [5db21e40-bbf5-4036-a76e-0f475c3d5a22]: {"acknowledged":true,"type":"audio_chunk","session_id":"5db21e40-bbf5-4036-a76e-0f475c3d5a22","created_at":"2025-11-09T15:37:06.593Z","data":{"byte_range":[8192,16384],"time_range":[256,512]},"error":null}
INFO:realtime_server:Gladia raw message [5db21e40-bbf5-4036-a76e-0f475c3d5a22]: {"acknowledged":true,"type":"audio_chunk","session_id":"5db21e40-bbf5-4036-a76e-0f475c3d5a22","created_at":"2025-11-09T15:37:06.808Z","data":{"byte_range":[16384,24576],"time_range":[512,768]},"error":null}
INFO:realtime_server:Gladia raw message [5db21e40-bbf5-4036-a76e-0f475c3d5a22]: {"acknowledged":true,"type":"audio_chunk","session_id":"5db21e40-bbf5-4036-a76e-0f475c3d5a22","created_at":"2025-11-09T15:37:07.054Z","data":{"byte_range":[24576,32768],"time_range":[768,1024]},"error":null}
INFO:realtime_server:Gladia raw message [5db21e40-bbf5-4036-a76e-0f475c3d5a22]: {"acknowledged":true,"type":"audio_chunk","session_id":"5db21e40-bbf5-4036-a76e-0f475c3d5a22","created_at":"2025-11-09T15:37:07.378Z","data":{"byte_range":[32768,40960],"time_range":[1024,1280]},"error":null}
INFO:realtime_server:Gladia raw message [5db21e40-bbf5-4036-a76e-0f475c3d5a22]: {"acknowledged":true,"type":"audio_chunk","session_id":"5db21e40-bbf5-4036-a76e-0f475c3d5a22","created_at":"2025-11-09T15:37:07.562Z","data":{"byte_range":[40960,49152],"time_range":[1280,1536]},"error":null}
INFO:realtime_server:Gladia raw message [5db21e40-bbf5-4036-a76e-0f475c3d5a22]: {"acknowledged":true,"type":"audio_chunk","session_id":"5db21e40-bbf5-4036-a76e-0f475c3d5a22","created_at":"2025-11-09T15:37:07.818Z","data":{"byte_range":[49152,57344],"time_range":[1536,1792]},"error":null}
/Users/aliimran/Sehar/gladia/venv/lib/python3.12/site-packages/torch/nn/functional.py:6044: UserWarning: Support for mismatched key_padding_mask and attn_mask is deprecated. Use same type for both instead.
  warnings.warn(
INFO:realtime_server:Gladia raw message [5db21e40-bbf5-4036-a76e-0f475c3d5a22]: {"acknowledged":true,"type":"audio_chunk","session_id":"5db21e40-bbf5-4036-a76e-0f475c3d5a22","created_at":"2025-11-09T15:37:11.830Z","data":{"byte_range":[57344,65536],"time_range":[1792,2048]},"error":null}
INFO:realtime_server:Gladia raw message [5db21e40-bbf5-4036-a76e-0f475c3d5a22]: {"acknowledged":true,"type":"audio_chunk","session_id":"5db21e40-bbf5-4036-a76e-0f475c3d5a22","created_at":"2025-11-09T15:37:11.879Z","data":{"byte_range":[65536,131072],"time_range":[2048,4096]},"error":null}
INFO:realtime_server:Gladia raw message [5db21e40-bbf5-4036-a76e-0f475c3d5a22]: {"type":"speech_start","session_id":"5db21e40-bbf5-4036-a76e-0f475c3d5a22","created_at":"2025-11-09T15:37:11.976Z","data":{"channel":0,"time":2.568}}
INFO:realtime_server:Gladia raw message [5db21e40-bbf5-4036-a76e-0f475c3d5a22]: {"type":"transcript","session_id":"5db21e40-bbf5-4036-a76e-0f475c3d5a22","created_at":"2025-11-09T15:37:12.176Z","data":{"id":"00_00000000","is_final":false,"utterance":{"text":" Testing audio chunk","start":2.57,"end":4.056,"language":"en","confidence":0.5066666666666667,"channel":0,"words":[{"word":" Testing","start":2.57,"end":3.112,"confidence":0.86},{"word":" audio","start":3.353,"end":3.654,"confidence":0.47},{"word":" chunk","start":3.815,"end":4.056,"confidence":0.19}]}}}
INFO:realtime_server:Gladia raw message [5db21e40-bbf5-4036-a76e-0f475c3d5a22]: {"acknowledged":true,"type":"audio_chunk","session_id":"5db21e40-bbf5-4036-a76e-0f475c3d5a22","created_at":"2025-11-09T15:37:13.333Z","data":{"byte_range":[131072,139264],"time_range":[4096,4352]},"error":null}
INFO:realtime_server:Gladia raw message [5db21e40-bbf5-4036-a76e-0f475c3d5a22]: {"acknowledged":true,"type":"audio_chunk","session_id":"5db21e40-bbf5-4036-a76e-0f475c3d5a22","created_at":"2025-11-09T15:37:13.383Z","data":{"byte_range":[139264,180224],"time_range":[4352,5632]},"error":null}
INFO:realtime_server:Gladia raw message [5db21e40-bbf5-4036-a76e-0f475c3d5a22]: {"type":"transcript","session_id":"5db21e40-bbf5-4036-a76e-0f475c3d5a22","created_at":"2025-11-09T15:37:13.592Z","data":{"id":"00_00000000","is_final":false,"utterance":{"text":" testing audio chunks and seeing how this","start":2.569,"end":5.56,"language":"en","confidence":0.72,"channel":0,"words":[{"word":" testing","start":2.569,"end":3.111,"confidence":0.93},{"word":" audio","start":3.352,"end":3.653,"confidence":0.76},{"word":" chunks","start":3.794,"end":4.256,"confidence":0.66},{"word":" and","start":4.677,"end":4.797,"confidence":0.86},{"word":" seeing","start":4.898,"end":5.158,"confidence":0.78},{"word":" how","start":5.199,"end":5.339,"confidence":0.56},{"word":" this","start":5.379,"end":5.56,"confidence":0.49}]}}}
INFO:realtime_server:Gladia raw message [5db21e40-bbf5-4036-a76e-0f475c3d5a22]: {"acknowledged":true,"type":"audio_chunk","session_id":"5db21e40-bbf5-4036-a76e-0f475c3d5a22","created_at":"2025-11-09T15:37:14.458Z","data":{"byte_range":[180224,188416],"time_range":[5632,5888]},"error":null}
INFO:realtime_server:Gladia raw message [5db21e40-bbf5-4036-a76e-0f475c3d5a22]: {"acknowledged":true,"type":"audio_chunk","session_id":"5db21e40-bbf5-4036-a76e-0f475c3d5a22","created_at":"2025-11-09T15:37:14.508Z","data":{"byte_range":[188416,229376],"time_range":[5888,7168]},"error":null}
INFO:realtime_server:Gladia raw message [5db21e40-bbf5-4036-a76e-0f475c3d5a22]: {"type":"speech_end","session_id":"5db21e40-bbf5-4036-a76e-0f475c3d5a22","created_at":"2025-11-09T15:37:14.602Z","data":{"channel":0,"time":6.456}}
INFO:realtime_server:Gladia raw message [5db21e40-bbf5-4036-a76e-0f475c3d5a22]: {"type":"transcript","session_id":"5db21e40-bbf5-4036-a76e-0f475c3d5a22","created_at":"2025-11-09T15:37:14.904Z","data":{"id":"00_00000000","is_final":false,"utterance":{"text":" testing audio chunks and seeing how this shit works","start":2.569,"end":6.256,"language":"en","confidence":0.8655555555555555,"channel":0,"words":[{"word":" testing","start":2.569,"end":3.11,"confidence":0.94},{"word":" audio","start":3.35,"end":3.651,"confidence":0.82},{"word":" chunks","start":3.791,"end":4.252,"confidence":0.82},{"word":" and","start":4.673,"end":4.793,"confidence":0.98},{"word":" seeing","start":4.892,"end":5.154,"confidence":0.83},{"word":" how","start":5.193,"end":5.334,"confidence":0.99},{"word":" this","start":5.375,"end":5.513,"confidence":0.76},{"word":" shit","start":5.593,"end":5.814,"confidence":0.66},{"word":" works","start":5.875,"end":6.256,"confidence":0.99}]}}}
INFO:realtime_server:Gladia raw message [5db21e40-bbf5-4036-a76e-0f475c3d5a22]: {"type":"transcript","session_id":"5db21e40-bbf5-4036-a76e-0f475c3d5a22","created_at":"2025-11-09T15:37:14.916Z","data":{"id":"00_00000000","is_final":true,"utterance":{"text":" testing audio chunks and seeing how this shit works","start":2.569,"end":6.256,"language":"en","confidence":0.8655555555555555,"channel":0,"words":[{"word":" testing","start":2.569,"end":3.11,"confidence":0.94},{"word":" audio","start":3.35,"end":3.651,"confidence":0.82},{"word":" chunks","start":3.791,"end":4.252,"confidence":0.82},{"word":" and","start":4.673,"end":4.793,"confidence":0.98},{"word":" seeing","start":4.892,"end":5.154,"confidence":0.83},{"word":" how","start":5.193,"end":5.334,"confidence":0.99},{"word":" this","start":5.375,"end":5.513,"confidence":0.76},{"word":" shit","start":5.593,"end":5.814,"confidence":0.66},{"word":" works","start":5.875,"end":6.256,"confidence":0.99}]}}}
INFO:realtime_server:Gladia raw message [5db21e40-bbf5-4036-a76e-0f475c3d5a22]: {"acknowledged":true,"type":"audio_chunk","session_id":"5db21e40-bbf5-4036-a76e-0f475c3d5a22","created_at":"2025-11-09T15:37:14.957Z","data":{"byte_range":[229376,237568],"time_range":[7168,7424]},"error":null}
INFO:realtime_server:Gladia raw message [5db21e40-bbf5-4036-a76e-0f475c3d5a22]: {"acknowledged":true,"type":"audio_chunk","session_id":"5db21e40-bbf5-4036-a76e-0f475c3d5a22","created_at":"2025-11-09T15:37:15.008Z","data":{"byte_range":[237568,286720],"time_range":[7424,8960]},"error":null}
INFO:realtime_server:Gladia raw message [5db21e40-bbf5-4036-a76e-0f475c3d5a22]: {"acknowledged":true,"type":"audio_chunk","session_id":"5db21e40-bbf5-4036-a76e-0f475c3d5a22","created_at":"2025-11-09T15:37:15.254Z","data":{"byte_range":[286720,294912],"time_range":[8960,9216]},"error":null}
INFO:realtime_server:Gladia raw message [5db21e40-bbf5-4036-a76e-0f475c3d5a22]: {"type":"sentiment_analysis","session_id":"5db21e40-bbf5-4036-a76e-0f475c3d5a22","created_at":"2025-11-09T15:37:15.499Z","data":{"utterance_id":"0","utterance":{"text":" testing audio chunks and seeing how this shit works","start":2.569,"end":6.256,"language":"en","confidence":0.8655555555555555,"channel":0,"words":[{"word":" testing","start":2.569,"end":3.11,"confidence":0.94},{"word":" audio","start":3.35,"end":3.651,"confidence":0.82},{"word":" chunks","start":3.791,"end":4.252,"confidence":0.82},{"word":" and","start":4.673,"end":4.793,"confidence":0.98},{"word":" seeing","start":4.892,"end":5.154,"confidence":0.83},{"word":" how","start":5.193,"end":5.334,"confidence":0.99},{"word":" this","start":5.375,"end":5.513,"confidence":0.76},{"word":" shit","start":5.593,"end":5.814,"confidence":0.66},{"word":" works","start":5.875,"end":6.256,"confidence":0.99}]},"results":[{"text":"testing audio chunks and seeing how this shit works","sentiment":"neutral","emotion":"neutral","start":2.569,"end":6.256,"channel":0}]},"error":null}
INFO:realtime_server:Gladia raw message [5db21e40-bbf5-4036-a76e-0f475c3d5a22]: {"acknowledged":true,"type":"audio_chunk","session_id":"5db21e40-bbf5-4036-a76e-0f475c3d5a22","created_at":"2025-11-09T15:37:15.539Z","data":{"byte_range":[294912,303104],"time_range":[9216,9472]},"error":null}
INFO:realtime_server:Gladia raw message [5db21e40-bbf5-4036-a76e-0f475c3d5a22]: {"acknowledged":true,"type":"audio_chunk","session_id":"5db21e40-bbf5-4036-a76e-0f475c3d5a22","created_at":"2025-11-09T15:37:15.784Z","data":{"byte_range":[303104,311296],"time_range":[9472,9728]},"error":null}
INFO:realtime_server:Gladia raw message [5db21e40-bbf5-4036-a76e-0f475c3d5a22]: {"acknowledged":true,"type":"audio_chunk","session_id":"5db21e40-bbf5-4036-a76e-0f475c3d5a22","created_at":"2025-11-09T15:37:16.092Z","data":{"byte_range":[311296,319488],"time_range":[9728,9984]},"error":null}
INFO:realtime_server:Gladia raw message [5db21e40-bbf5-4036-a76e-0f475c3d5a22]: {"acknowledged":true,"type":"audio_chunk","session_id":"5db21e40-bbf5-4036-a76e-0f475c3d5a22","created_at":"2025-11-09T15:37:18.116Z","data":{"byte_range":[319488,327680],"time_range":[9984,10240]},"error":null}
INFO:realtime_server:Gladia raw message [5db21e40-bbf5-4036-a76e-0f475c3d5a22]: {"acknowledged":true,"type":"audio_chunk","session_id":"5db21e40-bbf5-4036-a76e-0f475c3d5a22","created_at":"2025-11-09T15:37:18.165Z","data":{"byte_range":[327680,344064],"time_range":[10240,10752]},"error":null}
INFO:realtime_server:Gladia raw message [5db21e40-bbf5-4036-a76e-0f475c3d5a22]: {"acknowledged":true,"type":"audio_chunk","session_id":"5db21e40-bbf5-4036-a76e-0f475c3d5a22","created_at":"2025-11-09T15:37:18.185Z","data":{"byte_range":[344064,352256],"time_range":[10752,11008]},"error":null}
INFO:realtime_server:Gladia raw message [5db21e40-bbf5-4036-a76e-0f475c3d5a22]: {"type":"speech_start","session_id":"5db21e40-bbf5-4036-a76e-0f475c3d5a22","created_at":"2025-11-09T15:37:18.240Z","data":{"channel":0,"time":10.664}}
INFO:realtime_server:Gladia raw message [5db21e40-bbf5-4036-a76e-0f475c3d5a22]: {"acknowledged":true,"type":"audio_chunk","session_id":"5db21e40-bbf5-4036-a76e-0f475c3d5a22","created_at":"2025-11-09T15:37:18.251Z","data":{"byte_range":[352256,360448],"time_range":[11008,11264]},"error":null}
INFO:realtime_server:Gladia raw message [5db21e40-bbf5-4036-a76e-0f475c3d5a22]: {"acknowledged":true,"type":"audio_chunk","session_id":"5db21e40-bbf5-4036-a76e-0f475c3d5a22","created_at":"2025-11-09T15:37:18.301Z","data":{"byte_range":[360448,376832],"time_range":[11264,11776]},"error":null}
INFO:realtime_server:Gladia raw message [5db21e40-bbf5-4036-a76e-0f475c3d5a22]: {"acknowledged":true,"type":"audio_chunk","session_id":"5db21e40-bbf5-4036-a76e-0f475c3d5a22","created_at":"2025-11-09T15:37:21.220Z","data":{"byte_range":[376832,385024],"time_range":[11776,12032]},"error":null}
INFO:realtime_server:Gladia raw message [5db21e40-bbf5-4036-a76e-0f475c3d5a22]: {"acknowledged":true,"type":"audio_chunk","session_id":"5db21e40-bbf5-4036-a76e-0f475c3d5a22","created_at":"2025-11-09T15:37:21.269Z","data":{"byte_range":[385024,409600],"time_range":[12032,12800]},"error":null}
INFO:realtime_server:Gladia raw message [5db21e40-bbf5-4036-a76e-0f475c3d5a22]: {"acknowledged":true,"type":"audio_chunk","session_id":"5db21e40-bbf5-4036-a76e-0f475c3d5a22","created_at":"2025-11-09T15:37:21.320Z","data":{"byte_range":[409600,450560],"time_range":[12800,14080]},"error":null}
INFO:realtime_server:Gladia raw message [5db21e40-bbf5-4036-a76e-0f475c3d5a22]: {"type":"transcript","session_id":"5db21e40-bbf5-4036-a76e-0f475c3d5a22","created_at":"2025-11-09T15:37:21.465Z","data":{"id":"00_00000001","is_final":false,"utterance":{"text":" Okay, we have some intro.","start":10.667,"end":12.76,"language":"en","confidence":0.122,"channel":0,"words":[{"word":" Okay,","start":10.667,"end":10.889,"confidence":0.23},{"word":" we","start":11.995,"end":12.116,"confidence":0.05},{"word":" have","start":12.197,"end":12.357,"confidence":0.14},{"word":" some","start":12.398,"end":12.58,"confidence":0.11},{"word":" intro.","start":12.581,"end":12.76,"confidence":0.08}]}}}
INFO:realtime_server:Gladia raw message [5db21e40-bbf5-4036-a76e-0f475c3d5a22]: {"type":"transcript","session_id":"5db21e40-bbf5-4036-a76e-0f475c3d5a22","created_at":"2025-11-09T15:37:21.566Z","data":{"id":"00_00000001","is_final":false,"utterance":{"text":" Okay, we have some information.","start":10.667,"end":13.223,"language":"en","confidence":0.9460000000000001,"channel":0,"words":[{"word":" Okay,","start":10.667,"end":10.909,"confidence":0.74},{"word":" we","start":12.016,"end":12.137,"confidence":1},{"word":" have","start":12.176,"end":12.338,"confidence":1},{"word":" some","start":12.398,"end":12.539,"confidence":1},{"word":" information.","start":12.6,"end":13.223,"confidence":0.99}]}}}
INFO:realtime_server:Gladia raw message [5db21e40-bbf5-4036-a76e-0f475c3d5a22]: {"acknowledged":true,"type":"audio_chunk","session_id":"5db21e40-bbf5-4036-a76e-0f475c3d5a22","created_at":"2025-11-09T15:37:22.233Z","data":{"byte_range":[450560,458752],"time_range":[14080,14336]},"error":null}
INFO:realtime_server:Gladia raw message [5db21e40-bbf5-4036-a76e-0f475c3d5a22]: {"acknowledged":true,"type":"audio_chunk","session_id":"5db21e40-bbf5-4036-a76e-0f475c3d5a22","created_at":"2025-11-09T15:37:22.283Z","data":{"byte_range":[458752,483328],"time_range":[14336,15104]},"error":null}
INFO:realtime_server:Gladia raw message [5db21e40-bbf5-4036-a76e-0f475c3d5a22]: {"type":"speech_end","session_id":"5db21e40-bbf5-4036-a76e-0f475c3d5a22","created_at":"2025-11-09T15:37:22.376Z","data":{"channel":0,"time":13.424}}
INFO:realtime_server:Gladia raw message [5db21e40-bbf5-4036-a76e-0f475c3d5a22]: {"type":"transcript","session_id":"5db21e40-bbf5-4036-a76e-0f475c3d5a22","created_at":"2025-11-09T15:37:22.578Z","data":{"id":"00_00000001","is_final":false,"utterance":{"text":" Okay, we have some information.","start":10.667,"end":13.223,"language":"en","confidence":0.9460000000000001,"channel":0,"words":[{"word":" Okay,","start":10.667,"end":10.909,"confidence":0.74},{"word":" we","start":12.016,"end":12.137,"confidence":1},{"word":" have","start":12.176,"end":12.338,"confidence":1},{"word":" some","start":12.398,"end":12.539,"confidence":1},{"word":" information.","start":12.6,"end":13.223,"confidence":0.99}]}}}
INFO:realtime_server:Gladia raw message [5db21e40-bbf5-4036-a76e-0f475c3d5a22]: {"type":"transcript","session_id":"5db21e40-bbf5-4036-a76e-0f475c3d5a22","created_at":"2025-11-09T15:37:22.594Z","data":{"id":"00_00000001","is_final":true,"utterance":{"text":" Okay, we have some information.","start":10.667,"end":13.223,"language":"en","confidence":0.9460000000000001,"channel":0,"words":[{"word":" Okay,","start":10.667,"end":10.909,"confidence":0.74},{"word":" we","start":12.016,"end":12.137,"confidence":1},{"word":" have","start":12.176,"end":12.338,"confidence":1},{"word":" some","start":12.398,"end":12.539,"confidence":1},{"word":" information.","start":12.6,"end":13.223,"confidence":0.99}]}}}
INFO:realtime_server:Gladia raw message [5db21e40-bbf5-4036-a76e-0f475c3d5a22]: {"acknowledged":true,"type":"audio_chunk","session_id":"5db21e40-bbf5-4036-a76e-0f475c3d5a22","created_at":"2025-11-09T15:37:22.693Z","data":{"byte_range":[483328,491520],"time_range":[15104,15360]},"error":null}
INFO:realtime_server:Gladia raw message [5db21e40-bbf5-4036-a76e-0f475c3d5a22]: {"acknowledged":true,"type":"audio_chunk","session_id":"5db21e40-bbf5-4036-a76e-0f475c3d5a22","created_at":"2025-11-09T15:37:22.743Z","data":{"byte_range":[491520,532480],"time_range":[15360,16640]},"error":null}
INFO:realtime_server:Gladia raw message [5db21e40-bbf5-4036-a76e-0f475c3d5a22]: {"acknowledged":true,"type":"audio_chunk","session_id":"5db21e40-bbf5-4036-a76e-0f475c3d5a22","created_at":"2025-11-09T15:37:22.928Z","data":{"byte_range":[532480,540672],"time_range":[16640,16896]},"error":null}
INFO:realtime_server:Gladia raw message [5db21e40-bbf5-4036-a76e-0f475c3d5a22]: {"type":"sentiment_analysis","session_id":"5db21e40-bbf5-4036-a76e-0f475c3d5a22","created_at":"2025-11-09T15:37:23.060Z","data":{"utterance_id":"1","utterance":{"text":" Okay, we have some information.","start":10.667,"end":13.223,"language":"en","confidence":0.9460000000000001,"channel":0,"words":[{"word":" Okay,","start":10.667,"end":10.909,"confidence":0.74},{"word":" we","start":12.016,"end":12.137,"confidence":1},{"word":" have","start":12.176,"end":12.338,"confidence":1},{"word":" some","start":12.398,"end":12.539,"confidence":1},{"word":" information.","start":12.6,"end":13.223,"confidence":0.99}]},"results":[{"text":"Okay, we have some information.","sentiment":"neutral","emotion":"neutral","start":10.667,"end":13.223,"channel":0}]},"error":null}
INFO:realtime_server:Gladia raw message [5db21e40-bbf5-4036-a76e-0f475c3d5a22]: {"acknowledged":true,"type":"audio_chunk","session_id":"5db21e40-bbf5-4036-a76e-0f475c3d5a22","created_at":"2025-11-09T15:37:23.190Z","data":{"byte_range":[540672,548864],"time_range":[16896,17152]},"error":null}
INFO:realtime_server:Gladia raw message [5db21e40-bbf5-4036-a76e-0f475c3d5a22]: {"acknowledged":true,"type":"audio_chunk","session_id":"5db21e40-bbf5-4036-a76e-0f475c3d5a22","created_at":"2025-11-09T15:37:23.438Z","data":{"byte_range":[548864,557056],"time_range":[17152,17408]},"error":null}
INFO:realtime_server:Gladia raw message [5db21e40-bbf5-4036-a76e-0f475c3d5a22]: {"acknowledged":true,"type":"audio_chunk","session_id":"5db21e40-bbf5-4036-a76e-0f475c3d5a22","created_at":"2025-11-09T15:37:23.695Z","data":{"byte_range":[557056,565248],"time_range":[17408,17664]},"error":null}
INFO:realtime_server:Gladia raw message [5db21e40-bbf5-4036-a76e-0f475c3d5a22]: {"acknowledged":true,"type":"audio_chunk","session_id":"5db21e40-bbf5-4036-a76e-0f475c3d5a22","created_at":"2025-11-09T15:37:23.958Z","data":{"byte_range":[565248,573440],"time_range":[17664,17920]},"error":null}
INFO:realtime_server:Gladia raw message [5db21e40-bbf5-4036-a76e-0f475c3d5a22]: {"acknowledged":true,"type":"audio_chunk","session_id":"5db21e40-bbf5-4036-a76e-0f475c3d5a22","created_at":"2025-11-09T15:37:25.001Z","data":{"byte_range":[573440,581632],"time_range":[17920,18176]},"error":null}
INFO:realtime_server:Gladia raw message [5db21e40-bbf5-4036-a76e-0f475c3d5a22]: {"acknowledged":true,"type":"audio_chunk","session_id":"5db21e40-bbf5-4036-a76e-0f475c3d5a22","created_at":"2025-11-09T15:37:25.050Z","data":{"byte_range":[581632,606208],"time_range":[18176,18944]},"error":null}
INFO:realtime_server:Gladia raw message [5db21e40-bbf5-4036-a76e-0f475c3d5a22]: {"acknowledged":true,"type":"audio_chunk","session_id":"5db21e40-bbf5-4036-a76e-0f475c3d5a22","created_at":"2025-11-09T15:37:25.230Z","data":{"byte_range":[606208,614400],"time_range":[18944,19200]},"error":null}
INFO:realtime_server:Gladia raw message [5db21e40-bbf5-4036-a76e-0f475c3d5a22]: {"acknowledged":true,"type":"audio_chunk","session_id":"5db21e40-bbf5-4036-a76e-0f475c3d5a22","created_at":"2025-11-09T15:37:25.486Z","data":{"byte_range":[614400,622592],"time_range":[19200,19456]},"error":null}
INFO:realtime_server:Gladia raw message [5db21e40-bbf5-4036-a76e-0f475c3d5a22]: {"acknowledged":true,"type":"audio_chunk","session_id":"5db21e40-bbf5-4036-a76e-0f475c3d5a22","created_at":"2025-11-09T15:37:25.738Z","data":{"byte_range":[622592,630784],"time_range":[19456,19712]},"error":null}
INFO:realtime_server:Gladia raw message [5db21e40-bbf5-4036-a76e-0f475c3d5a22]: {"acknowledged":true,"type":"audio_chunk","session_id":"5db21e40-bbf5-4036-a76e-0f475c3d5a22","created_at":"2025-11-09T15:37:26.008Z","data":{"byte_range":[630784,638976],"time_range":[19712,19968]},"error":null}
INFO:realtime_server:Gladia raw message [5db21e40-bbf5-4036-a76e-0f475c3d5a22]: {"type":"speech_start","session_id":"5db21e40-bbf5-4036-a76e-0f475c3d5a22","created_at":"2025-11-09T15:37:26.119Z","data":{"channel":0,"time":19.624}}
INFO:realtime_server:Gladia raw message [5db21e40-bbf5-4036-a76e-0f475c3d5a22]: {"acknowledged":true,"type":"audio_chunk","session_id":"5db21e40-bbf5-4036-a76e-0f475c3d5a22","created_at":"2025-11-09T15:37:27.129Z","data":{"byte_range":[638976,647168],"time_range":[19968,20224]},"error":null}
INFO:realtime_server:Gladia raw message [5db21e40-bbf5-4036-a76e-0f475c3d5a22]: {"acknowledged":true,"type":"audio_chunk","session_id":"5db21e40-bbf5-4036-a76e-0f475c3d5a22","created_at":"2025-11-09T15:37:27.179Z","data":{"byte_range":[647168,671744],"time_range":[20224,20992]},"error":null}
INFO:realtime_server:Gladia raw message [5db21e40-bbf5-4036-a76e-0f475c3d5a22]: {"type":"transcript","session_id":"5db21e40-bbf5-4036-a76e-0f475c3d5a22","created_at":"2025-11-09T15:37:27.226Z","data":{"id":"00_00000002","is_final":false,"utterance":{"text":" Where?","start":20,"end":20.163,"language":"en","confidence":0.06,"channel":0,"words":[{"word":" Where?","start":20,"end":20.163,"confidence":0.06}]}}}
INFO:realtime_server:Gladia raw message [5db21e40-bbf5-4036-a76e-0f475c3d5a22]: {"acknowledged":true,"type":"audio_chunk","session_id":"5db21e40-bbf5-4036-a76e-0f475c3d5a22","created_at":"2025-11-09T15:37:27.278Z","data":{"byte_range":[671744,679936],"time_range":[20992,21248]},"error":null}
INFO:realtime_server:Gladia raw message [5db21e40-bbf5-4036-a76e-0f475c3d5a22]: {"type":"transcript","session_id":"5db21e40-bbf5-4036-a76e-0f475c3d5a22","created_at":"2025-11-09T15:37:27.280Z","data":{"id":"00_00000002","is_final":false,"utterance":{"text":" Where's your where are you getting","start":19.988,"end":20.912,"language":"en","confidence":0.06666666666666667,"channel":0,"words":[{"word":" Where's","start":19.988,"end":20.249,"confidence":0.11},{"word":" your","start":20.27,"end":20.39,"confidence":0.05},{"word":" where","start":20.392,"end":20.49,"confidence":0.04},{"word":" are","start":20.491,"end":20.611,"confidence":0.1},{"word":" you","start":20.613,"end":20.712,"confidence":0.02},{"word":" getting","start":20.713,"end":20.912,"confidence":0.08}]}}}
INFO:realtime_server:Gladia raw message [5db21e40-bbf5-4036-a76e-0f475c3d5a22]: {"acknowledged":true,"type":"audio_chunk","session_id":"5db21e40-bbf5-4036-a76e-0f475c3d5a22","created_at":"2025-11-09T15:37:27.566Z","data":{"byte_range":[679936,688128],"time_range":[21248,21504]},"error":null}
INFO:realtime_server:Gladia raw message [5db21e40-bbf5-4036-a76e-0f475c3d5a22]: {"type":"transcript","session_id":"5db21e40-bbf5-4036-a76e-0f475c3d5a22","created_at":"2025-11-09T15:37:27.734Z","data":{"id":"00_00000002","is_final":false,"utterance":{"text":" Where's your where are you getting your confidence?","start":19.991,"end":21.483,"language":"en","confidence":0.445,"channel":0,"words":[{"word":" Where's","start":19.991,"end":20.254,"confidence":0.45},{"word":" your","start":20.294,"end":20.476,"confidence":0.53},{"word":" where","start":20.496,"end":20.617,"confidence":0.22},{"word":" are","start":20.619,"end":20.678,"confidence":0.24},{"word":" you","start":20.68,"end":20.737,"confidence":0.02},{"word":" getting","start":20.738,"end":20.939,"confidence":0.85},{"word":" your","start":20.94,"end":21.061,"confidence":0.8},{"word":" confidence?","start":21.081,"end":21.483,"confidence":0.45}]}}}
INFO:realtime_server:Gladia raw message [5db21e40-bbf5-4036-a76e-0f475c3d5a22]: {"acknowledged":true,"type":"audio_chunk","session_id":"5db21e40-bbf5-4036-a76e-0f475c3d5a22","created_at":"2025-11-09T15:37:27.796Z","data":{"byte_range":[688128,696320],"time_range":[21504,21760]},"error":null}
INFO:realtime_server:Gladia raw message [5db21e40-bbf5-4036-a76e-0f475c3d5a22]: {"acknowledged":true,"type":"audio_chunk","session_id":"5db21e40-bbf5-4036-a76e-0f475c3d5a22","created_at":"2025-11-09T15:37:28.577Z","data":{"byte_range":[696320,704512],"time_range":[21760,22016]},"error":null}
INFO:realtime_server:Gladia raw message [5db21e40-bbf5-4036-a76e-0f475c3d5a22]: {"acknowledged":true,"type":"audio_chunk","session_id":"5db21e40-bbf5-4036-a76e-0f475c3d5a22","created_at":"2025-11-09T15:37:28.627Z","data":{"byte_range":[704512,720896],"time_range":[22016,22528]},"error":null}
INFO:realtime_server:Gladia raw message [5db21e40-bbf5-4036-a76e-0f475c3d5a22]: {"type":"transcript","session_id":"5db21e40-bbf5-4036-a76e-0f475c3d5a22","created_at":"2025-11-09T15:37:28.745Z","data":{"id":"00_00000002","is_final":false,"utterance":{"text":" Where's your where are you getting your confidence from but","start":19.987,"end":21.995,"language":"en","confidence":0.496,"channel":0,"words":[{"word":" Where's","start":19.987,"end":20.249,"confidence":0.51},{"word":" your","start":20.269,"end":20.389,"confidence":0.46},{"word":" where","start":20.39,"end":20.569,"confidence":0.17},{"word":" are","start":20.57,"end":20.65,"confidence":0.06},{"word":" you","start":20.651,"end":20.71,"confidence":0.23},{"word":" getting","start":20.712,"end":20.932,"confidence":0.93},{"word":" your","start":20.933,"end":21.052,"confidence":0.91},{"word":" confidence","start":21.072,"end":21.614,"confidence":0.97},{"word":" from","start":21.634,"end":21.815,"confidence":0.56},{"word":" but","start":21.854,"end":21.995,"confidence":0.16}]}}}
INFO:realtime_server:Gladia raw message [5db21e40-bbf5-4036-a76e-0f475c3d5a22]: {"acknowledged":true,"type":"audio_chunk","session_id":"5db21e40-bbf5-4036-a76e-0f475c3d5a22","created_at":"2025-11-09T15:37:28.841Z","data":{"byte_range":[720896,729088],"time_range":[22528,22784]},"error":null}
INFO:realtime_server:Gladia raw message [5db21e40-bbf5-4036-a76e-0f475c3d5a22]: {"acknowledged":true,"type":"audio_chunk","session_id":"5db21e40-bbf5-4036-a76e-0f475c3d5a22","created_at":"2025-11-09T15:37:29.070Z","data":{"byte_range":[729088,737280],"time_range":[22784,23040]},"error":null}
INFO:realtime_server:Gladia raw message [5db21e40-bbf5-4036-a76e-0f475c3d5a22]: {"acknowledged":true,"type":"audio_chunk","session_id":"5db21e40-bbf5-4036-a76e-0f475c3d5a22","created_at":"2025-11-09T15:37:29.333Z","data":{"byte_range":[737280,745472],"time_range":[23040,23296]},"error":null}
INFO:realtime_server:Gladia raw message [5db21e40-bbf5-4036-a76e-0f475c3d5a22]: {"acknowledged":true,"type":"audio_chunk","session_id":"5db21e40-bbf5-4036-a76e-0f475c3d5a22","created_at":"2025-11-09T15:37:29.584Z","data":{"byte_range":[745472,753664],"time_range":[23296,23552]},"error":null}
INFO:realtime_server:Gladia raw message [5db21e40-bbf5-4036-a76e-0f475c3d5a22]: {"type":"speech_end","session_id":"5db21e40-bbf5-4036-a76e-0f475c3d5a22","created_at":"2025-11-09T15:37:29.656Z","data":{"channel":0,"time":22.48}}
INFO:realtime_server:Gladia raw message [5db21e40-bbf5-4036-a76e-0f475c3d5a22]: {"acknowledged":true,"type":"audio_chunk","session_id":"5db21e40-bbf5-4036-a76e-0f475c3d5a22","created_at":"2025-11-09T15:37:29.841Z","data":{"byte_range":[753664,761856],"time_range":[23552,23808]},"error":null}
INFO:realtime_server:Gladia raw message [5db21e40-bbf5-4036-a76e-0f475c3d5a22]: {"type":"transcript","session_id":"5db21e40-bbf5-4036-a76e-0f475c3d5a22","created_at":"2025-11-09T15:37:29.959Z","data":{"id":"00_00000002","is_final":false,"utterance":{"text":" Where are you getting your confidence from, by the way?","start":19.988,"end":22.3,"language":"en","confidence":0.828,"channel":0,"words":[{"word":" Where","start":19.988,"end":20.169,"confidence":0.69},{"word":" are","start":20.17,"end":20.29,"confidence":0.05},{"word":" you","start":20.291,"end":20.39,"confidence":0.75},{"word":" getting","start":20.712,"end":20.933,"confidence":0.91},{"word":" your","start":20.934,"end":21.054,"confidence":0.98},{"word":" confidence","start":21.073,"end":21.616,"confidence":1},{"word":" from,","start":21.636,"end":21.817,"confidence":0.97},{"word":" by","start":21.856,"end":22.019,"confidence":0.99},{"word":" the","start":22.02,"end":22.118,"confidence":0.96},{"word":" way?","start":22.138,"end":22.3,"confidence":0.98}]}}}
INFO:realtime_server:Gladia raw message [5db21e40-bbf5-4036-a76e-0f475c3d5a22]: {"type":"transcript","session_id":"5db21e40-bbf5-4036-a76e-0f475c3d5a22","created_at":"2025-11-09T15:37:29.969Z","data":{"id":"00_00000002","is_final":true,"utterance":{"text":" Where are you getting your confidence from, by the way?","start":19.988,"end":22.3,"language":"en","confidence":0.828,"channel":0,"words":[{"word":" Where","start":19.988,"end":20.169,"confidence":0.69},{"word":" are","start":20.17,"end":20.29,"confidence":0.05},{"word":" you","start":20.291,"end":20.39,"confidence":0.75},{"word":" getting","start":20.712,"end":20.933,"confidence":0.91},{"word":" your","start":20.934,"end":21.054,"confidence":0.98},{"word":" confidence","start":21.073,"end":21.616,"confidence":1},{"word":" from,","start":21.636,"end":21.817,"confidence":0.97},{"word":" by","start":21.856,"end":22.019,"confidence":0.99},{"word":" the","start":22.02,"end":22.118,"confidence":0.96},{"word":" way?","start":22.138,"end":22.3,"confidence":0.98}]}}}
INFO:realtime_server:Gladia raw message [5db21e40-bbf5-4036-a76e-0f475c3d5a22]: {"type":"sentiment_analysis","session_id":"5db21e40-bbf5-4036-a76e-0f475c3d5a22","created_at":"2025-11-09T15:37:30.751Z","data":{"utterance_id":"2","utterance":{"text":" Where are you getting your confidence from, by the way?","start":19.988,"end":22.3,"language":"en","confidence":0.828,"channel":0,"words":[{"word":" Where","start":19.988,"end":20.169,"confidence":0.69},{"word":" are","start":20.17,"end":20.29,"confidence":0.05},{"word":" you","start":20.291,"end":20.39,"confidence":0.75},{"word":" getting","start":20.712,"end":20.933,"confidence":0.91},{"word":" your","start":20.934,"end":21.054,"confidence":0.98},{"word":" confidence","start":21.073,"end":21.616,"confidence":1},{"word":" from,","start":21.636,"end":21.817,"confidence":0.97},{"word":" by","start":21.856,"end":22.019,"confidence":0.99},{"word":" the","start":22.02,"end":22.118,"confidence":0.96},{"word":" way?","start":22.138,"end":22.3,"confidence":0.98}]},"results":[{"text":"Where are you getting your confidence from, by the way?","sentiment":"neutral","emotion":"neutral","start":19.988,"end":22.3,"channel":0}]},"error":null}
INFO:realtime_server:Gladia raw message [5db21e40-bbf5-4036-a76e-0f475c3d5a22]: {"acknowledged":true,"type":"audio_chunk","session_id":"5db21e40-bbf5-4036-a76e-0f475c3d5a22","created_at":"2025-11-09T15:37:31.226Z","data":{"byte_range":[761856,770048],"time_range":[23808,24064]},"error":null}
INFO:realtime_server:Gladia raw message [5db21e40-bbf5-4036-a76e-0f475c3d5a22]: {"acknowledged":true,"type":"audio_chunk","session_id":"5db21e40-bbf5-4036-a76e-0f475c3d5a22","created_at":"2025-11-09T15:37:31.274Z","data":{"byte_range":[770048,802816],"time_range":[24064,25088]},"error":null}
INFO:realtime_server:Gladia raw message [5db21e40-bbf5-4036-a76e-0f475c3d5a22]: {"acknowledged":true,"type":"audio_chunk","session_id":"5db21e40-bbf5-4036-a76e-0f475c3d5a22","created_at":"2025-11-09T15:37:31.373Z","data":{"byte_range":[802816,811008],"time_range":[25088,25344]},"error":null}
INFO:realtime_server:Gladia raw message [5db21e40-bbf5-4036-a76e-0f475c3d5a22]: {"acknowledged":true,"type":"audio_chunk","session_id":"5db21e40-bbf5-4036-a76e-0f475c3d5a22","created_at":"2025-11-09T15:37:31.635Z","data":{"byte_range":[811008,819200],"time_range":[25344,25600]},"error":null}
INFO:realtime_server:Gladia raw message [5db21e40-bbf5-4036-a76e-0f475c3d5a22]: {"acknowledged":true,"type":"audio_chunk","session_id":"5db21e40-bbf5-4036-a76e-0f475c3d5a22","created_at":"2025-11-09T15:37:31.882Z","data":{"byte_range":[819200,827392],"time_range":[25600,25856]},"error":null}
INFO:realtime_server:Gladia raw message [5db21e40-bbf5-4036-a76e-0f475c3d5a22]: {"acknowledged":true,"type":"audio_chunk","session_id":"5db21e40-bbf5-4036-a76e-0f475c3d5a22","created_at":"2025-11-09T15:37:33.334Z","data":{"byte_range":[827392,835584],"time_range":[25856,26112]},"error":null}
INFO:realtime_server:Gladia raw message [5db21e40-bbf5-4036-a76e-0f475c3d5a22]: {"acknowledged":true,"type":"audio_chunk","session_id":"5db21e40-bbf5-4036-a76e-0f475c3d5a22","created_at":"2025-11-09T15:37:33.384Z","data":{"byte_range":[835584,868352],"time_range":[26112,27136]},"error":null}
INFO:realtime_server:Gladia raw message [5db21e40-bbf5-4036-a76e-0f475c3d5a22]: {"acknowledged":true,"type":"audio_chunk","session_id":"5db21e40-bbf5-4036-a76e-0f475c3d5a22","created_at":"2025-11-09T15:37:33.444Z","data":{"byte_range":[868352,876544],"time_range":[27136,27392]},"error":null}
INFO:realtime_server:Gladia raw message [5db21e40-bbf5-4036-a76e-0f475c3d5a22]: {"acknowledged":true,"type":"audio_chunk","session_id":"5db21e40-bbf5-4036-a76e-0f475c3d5a22","created_at":"2025-11-09T15:37:33.677Z","data":{"byte_range":[876544,884736],"time_range":[27392,27648]},"error":null}
INFO:realtime_server:Gladia raw message [5db21e40-bbf5-4036-a76e-0f475c3d5a22]: {"acknowledged":true,"type":"audio_chunk","session_id":"5db21e40-bbf5-4036-a76e-0f475c3d5a22","created_at":"2025-11-09T15:37:33.937Z","data":{"byte_range":[884736,892928],"time_range":[27648,27904]},"error":null}
INFO:realtime_server:Client requested stop
INFO:     connection closed
INFO:realtime_server:Gladia raw message [5db21e40-bbf5-4036-a76e-0f475c3d5a22]: {"acknowledged":true,"type":"audio_chunk","session_id":"5db21e40-bbf5-4036-a76e-0f475c3d5a22","created_at":"2025-11-09T15:37:35.216Z","data":{"byte_range":[892928,901120],"time_range":[27904,28160]},"error":null}
ERROR:realtime_server:Error relaying Gladia messages: 
Traceback (most recent call last):
  File "/Users/aliimran/Sehar/gladia/venv/lib/python3.12/site-packages/uvicorn/protocols/websockets/websockets_impl.py", line 332, in asgi_send
    await self.send(data)  # type: ignore[arg-type]
    ^^^^^^^^^^^^^^^^^^^^^
  File "/Users/aliimran/Sehar/gladia/venv/lib/python3.12/site-packages/websockets/legacy/protocol.py", line 620, in send
    await self.ensure_open()
  File "/Users/aliimran/Sehar/gladia/venv/lib/python3.12/site-packages/websockets/legacy/protocol.py", line 921, in ensure_open
    raise self.connection_closed_exc()
websockets.exceptions.ConnectionClosedOK: received 1005 (no status received [internal]); then sent 1005 (no status received [internal])

The above exception was the direct cause of the following exception:

Traceback (most recent call last):
  File "/Users/aliimran/Sehar/gladia/venv/lib/python3.12/site-packages/starlette/websockets.py", line 86, in send
    await self._send(message)
  File "/Users/aliimran/Sehar/gladia/venv/lib/python3.12/site-packages/starlette/_exception_handler.py", line 39, in sender
    await send(message)
  File "/Users/aliimran/Sehar/gladia/venv/lib/python3.12/site-packages/uvicorn/protocols/websockets/websockets_impl.py", line 345, in asgi_send
    raise ClientDisconnected from exc
uvicorn.protocols.utils.ClientDisconnected

During handling of the above exception, another exception occurred:

Traceback (most recent call last):
  File "/Users/aliimran/Sehar/gladia/realtime_server.py", line 214, in _relay_gladia_messages
    await client_ws.send_json(dispatch_payload)
  File "/Users/aliimran/Sehar/gladia/venv/lib/python3.12/site-packages/starlette/websockets.py", line 176, in send_json
    await self.send({"type": "websocket.send", "text": text})
  File "/Users/aliimran/Sehar/gladia/venv/lib/python3.12/site-packages/starlette/websockets.py", line 89, in send
    raise WebSocketDisconnect(code=1006)
starlette.websockets.WebSocketDisconnect
INFO:realtime_server:Closed Gladia session 5db21e40-bbf5-4036-a76e-0f475c3d5a22
INFO:     Shutting down
INFO:     Waiting for application shutdown.
INFO:     Application shutdown complete.
INFO:     Finished server process [18220]
